// Jest Snapshot v1, https://goo.gl/fbAQLP

exports[`teting should  1`] = `
<UNDEFINED>
  <Provider
    store={
      Object {
        "@@observable": [Function],
        "dispatch": [Function],
        "getState": [Function],
        "replaceReducer": [Function],
        "subscribe": [Function],
      }
    }
  >
    <ListMission />
  </Provider>
</UNDEFINED>
`;
